[warethemes.com/html/bready/index.html]
[warethemes.com/html/bready/apple-touch-icon.png]
[warethemes.com/html/bready/favicon.png]
[backblue.gif]
[fade.gif]
[index.html]
[warethemes.com/html/bready/plugins/font-awesome/css/font-awesome.min.css]
[warethemes.com/html/bready/plugins/bakery-icon/style.css]
[warethemes.com/html/bready/plugins/bootstrap/dist/css/bootstrap.min.css]
[warethemes.com/html/bready/plugins/owl-carousel/assets/owl.carousel.css]
[warethemes.com/html/bready/plugins/jquery-bar-rating/dist/themes/fontawesome-stars.css]
[warethemes.com/html/bready/plugins/bootstrap-select/dist/css/bootstrap-select.min.css]
[warethemes.com/html/bready/plugins/jquery-ui/jquery-ui.min.css]
[warethemes.com/html/bready/plugins/slick/slick/slick.css]
[warethemes.com/html/bready/plugins/lightGallery-master/dist/css/lightgallery.min.css]
[warethemes.com/html/bready/css/style.css]
[warethemes.com/html/bready/index-2.html]
[warethemes.com/html/bready/homepage-2.html]
[warethemes.com/html/bready/homepage-3.html]
[warethemes.com/html/bready/about-us.html]
[warethemes.com/html/bready/product-listing.html]
[warethemes.com/html/bready/product-detail.html]
[warethemes.com/html/bready/404-page.html]
[warethemes.com/html/bready/cart.html]
[warethemes.com/html/bready/whishlist.html]
[warethemes.com/html/bready/compare.html]
[warethemes.com/html/bready/checkout.html]
[warethemes.com/html/bready/images/logo-light.png]
[warethemes.com/html/bready/blog-list.html]
[warethemes.com/html/bready/contact.html]
[warethemes.com/html/bready/images/shopping-cart/1.png]
[warethemes.com/html/bready/images/shopping-cart/2.png]
[warethemes.com/html/bready/images/shopping-cart/3.png]
[warethemes.com/html/bready/about.html]
[warethemes.com/html/bready/order-form.html]
[warethemes.com/html/bready/menu.html]
[warethemes.com/html/bready/blog-grid.html]
[warethemes.com/html/bready/blog-detail.html]
[warethemes.com/html/bready/images/icons/badge-brown.png]
[warethemes.com/html/bready/images/banner/slider-5.png]
[warethemes.com/html/bready/images/banner/slider-6.png]
[warethemes.com/html/bready/images/icons/floral.png]
[warethemes.com/html/bready/images/icons/award-1.png]
[warethemes.com/html/bready/images/icons/award-2.png]
[warethemes.com/html/bready/images/signature.png]
[warethemes.com/html/bready/images/signature-2.png]
[warethemes.com/html/bready/images/bg/home-product.jpg]
[warethemes.com/html/bready/images/products/1.png]
[warethemes.com/html/bready/product-list.html]
[warethemes.com/html/bready/images/icons/badge-red.png]
[warethemes.com/html/bready/images/products/2.png]
[warethemes.com/html/bready/images/products/3.png]
[warethemes.com/html/bready/images/products/4.png]
[warethemes.com/html/bready/images/products/5.png]
[warethemes.com/html/bready/images/bg/testimonials.jpg]
[warethemes.com/html/bready/images/user/1.jpg]
[warethemes.com/html/bready/images/user/2.jpg]
[warethemes.com/html/bready/images/user/3.jpg]
[warethemes.com/html/bready/images/user/4.jpg]
[warethemes.com/html/bready/images/posts/home-1.jpg]
[warethemes.com/html/bready/images/posts/home-2.jpg]
[warethemes.com/html/bready/images/posts/home-3.jpg]
[warethemes.com/html/bready/images/bg/delivery-form.jpg]
[warethemes.com/html/bready/images/logo-dark.png]
[warethemes.com/html/bready/images/payment-method/visa.png]
[warethemes.com/html/bready/images/payment-method/master-card.png]
[warethemes.com/html/bready/images/payment-method/paypal.png]
[warethemes.com/html/bready/images/bg/subscribe.jpg]
[warethemes.com/html/bready/plugins/jquery/dist/jquery.min.js]
[warethemes.com/html/bready/plugins/bootstrap/dist/js/bootstrap.min.js]
[warethemes.com/html/bready/plugins/owl-carousel/owl.carousel.min.js]
[warethemes.com/html/bready/plugins/bootstrap-select/dist/js/bootstrap-select.min.js]
[warethemes.com/html/bready/plugins/jquery-bar-rating/dist/jquery.barrating.min.js]
[warethemes.com/html/bready/plugins/jquery.waypoints.min.js]
[warethemes.com/html/bready/plugins/jquery.countTo.js]
[warethemes.com/html/bready/plugins/jquery.matchHeight-min.js]
[warethemes.com/html/bready/plugins/gmap3.min.js]
[warethemes.com/html/bready/plugins/jquery-ui/jquery-ui.min.js]
[warethemes.com/html/bready/plugins/lightGallery-master/dist/js/lightgallery-all.min.js]
[warethemes.com/html/bready/plugins/slick/slick/slick.min.js]
[warethemes.com/html/bready/plugins/slick-animation.min.js]
[warethemes.com/html/bready/plugins/jquery.slimscroll.min.js]
[warethemes.com/html/bready/index.html]
[warethemes.com/html/bready/js/main.js]
[warethemes.com/html/bready/plugins/font-awesome/fonts/fontawesome-webfont5b62.eot]
[warethemes.com/html/bready/plugins/font-awesome/fonts/fontawesome-webfontd41d.eot]
[warethemes.com/html/bready/plugins/font-awesome/fonts/fontawesome-webfont5b62.woff2]
[warethemes.com/html/bready/plugins/font-awesome/fonts/fontawesome-webfont5b62.woff]
[warethemes.com/html/bready/plugins/font-awesome/fonts/fontawesome-webfont5b62.ttf]
[warethemes.com/html/bready/plugins/font-awesome/fonts/fontawesome-webfont5b62.svg]
[warethemes.com/html/bready/plugins/font-awesome/css/font-awesome.min.css]
[warethemes.com/html/bready/plugins/bakery-icon/fonts/bakery-icone8f9.ttf]
[warethemes.com/html/bready/plugins/bakery-icon/fonts/bakery-icone8f9.woff]
[warethemes.com/html/bready/plugins/bakery-icon/fonts/bakery-icone8f9.eot]
[warethemes.com/html/bready/plugins/bakery-icon/style.css]
[warethemes.com/html/bready/plugins/bakery-icon/fonts/bakery-icone8f9.svg]
[warethemes.com/html/bready/plugins/bootstrap/dist/fonts/glyphicons-halflings-regular.woff2]
[warethemes.com/html/bready/plugins/bootstrap/dist/fonts/glyphicons-halflings-regular.eot]
[warethemes.com/html/bready/plugins/bootstrap/dist/fonts/glyphicons-halflings-regular.woff]
[warethemes.com/html/bready/plugins/bootstrap/dist/fonts/glyphicons-halflings-regulard41d.eot]
[warethemes.com/html/bready/plugins/bootstrap/dist/fonts/glyphicons-halflings-regular.ttf]
[warethemes.com/html/bready/plugins/bootstrap/dist/css/bootstrap.min.css]
[warethemes.com/html/bready/plugins/bootstrap/dist/fonts/glyphicons-halflings-regular.svg]
[warethemes.com/html/bready/plugins/owl-carousel/assets/owl.video.play.5f.delayed]
[warethemes.com/html/bready/plugins/owl-carousel/assets/owl.carousel.css]
[warethemes.com/html/bready/plugins/jquery-bar-rating/dist/themes/fontawesome-stars.css]
[warethemes.com/html/bready/plugins/bootstrap-select/dist/css/bootstrap-select.min.css]
[warethemes.com/html/bready/plugins/jquery-ui/images/ui-icons_555555_256x240.png]
[warethemes.com/html/bready/plugins/jquery-ui/images/ui-icons_ffffff_256x240.png]
[warethemes.com/html/bready/plugins/jquery-ui/images/ui-icons_777620_256x240.png]
[warethemes.com/html/bready/plugins/jquery-ui/images/ui-icons_cc0000_256x240.png]
[warethemes.com/html/bready/plugins/jquery-ui/images/ui-icons_777777_256x240.png]
[warethemes.com/html/bready/plugins/jquery-ui/jquery-ui.min.css]
[warethemes.com/html/bready/plugins/slick/slick/slick.css]
[warethemes.com/html/bready/plugins/lightGallery-master/dist/fonts/lgd641.eot]
[warethemes.com/html/bready/plugins/lightGallery-master/dist/fonts/lgd41d.eot]
[warethemes.com/html/bready/plugins/lightGallery-master/dist/fonts/lgd641.woff]
[warethemes.com/html/bready/plugins/lightGallery-master/dist/fonts/lgd641.ttf]
[warethemes.com/html/bready/plugins/lightGallery-master/dist/img/vimeo-play.png]
[warethemes.com/html/bready/plugins/lightGallery-master/dist/img/video-play.png]
[warethemes.com/html/bready/plugins/lightGallery-master/dist/img/youtube-play.png]
[warethemes.com/html/bready/plugins/lightGallery-master/dist/css/lightgallery.min.css]
[warethemes.com/html/bready/css/style.css]
[warethemes.com/html/bready/index-2.html]
[warethemes.com/html/bready/images/banner/home-2.jpg]
[warethemes.com/html/bready/images/banner/home-1.jpg]
[warethemes.com/html/bready/images/pages/home-2-about-2.jpg]
[warethemes.com/html/bready/images/products/7.png]
[warethemes.com/html/bready/images/products/8.png]
[warethemes.com/html/bready/images/square/1.jpg]
[warethemes.com/html/bready/images/square/2.jpg]
[warethemes.com/html/bready/images/square/3.jpg]
[warethemes.com/html/bready/homepage-2.html]
[warethemes.com/html/bready/images/banner/slider-1.png]
[warethemes.com/html/bready/images/pages/home-3-intro.jpg]
[warethemes.com/html/bready/images/people/1.png]
[warethemes.com/html/bready/images/people/2.png]
[warethemes.com/html/bready/images/people/4.png]
[warethemes.com/html/bready/images/icons/award-3.png]
[warethemes.com/html/bready/images/pages/set.png]
[warethemes.com/html/bready/homepage-3.html]
[warethemes.com/html/bready/about-us.html]
[warethemes.com/html/bready/images/hero/product.jpg]
[warethemes.com/html/bready/images/collection/product-1.jpg]
[warethemes.com/html/bready/images/collection/product-2.jpg]
[warethemes.com/html/bready/images/products/9.png]
[warethemes.com/html/bready/product-listing.html]
[warethemes.com/html/bready/images/products/detail/large-1.jpg]
[warethemes.com/html/bready/images/products/detail/large-3.jpg]
[warethemes.com/html/bready/images/products/detail/large-4.jpg]
[warethemes.com/html/bready/images/products/detail/large-5.jpg]
[warethemes.com/html/bready/images/products/detail/variant-2.png]
[warethemes.com/html/bready/images/products/detail/variant-3.png]
[warethemes.com/html/bready/product-detail.html]
[warethemes.com/html/bready/images/404.jpg]
[warethemes.com/html/bready/404-page.html]
[warethemes.com/html/bready/images/hero/about.jpg]
[warethemes.com/html/bready/images/payment/1.png]
[warethemes.com/html/bready/images/payment/2.png]
[warethemes.com/html/bready/checkout.html]
[warethemes.com/html/bready/cart.html]
[warethemes.com/html/bready/whishlist.html]
[warethemes.com/html/bready/compare.html]
[warethemes.com/html/bready/blog-list.html]
[warethemes.com/html/bready/contact.html]
[warethemes.com/html/bready/about.html]
[warethemes.com/html/bready/order-form.html]
[warethemes.com/html/bready/menu.html]
[warethemes.com/html/bready/images/posts/blog-8.jpg]
[warethemes.com/html/bready/images/posts/blog-9.jpg]
[warethemes.com/html/bready/blog-grid.html]
[warethemes.com/html/bready/images/posts/single.jpg]
[warethemes.com/html/bready/blog-detail.html]
[warethemes.com/html/bready/product-list.html]
[warethemes.com/html/bready/images/products/6.png]
[warethemes.com/html/bready/images/bg/testimonials.jpg]
[warethemes.com/html/bready/plugins/font-awesome/fonts/fontawesome-webfont5b62.svg]
[warethemes.com/html/bready/plugins/bakery-icon/fonts/bakery-icone8f9.svg]
[warethemes.com/html/bready/plugins/bootstrap/dist/fonts/glyphicons-halflings-regular.svg]
[warethemes.com/html/bready/plugins/owl-carousel/assets/owl.video.play.html]
[warethemes.com/html/bready/plugins/jquery-ui/images/ui-icons_444444_256x240.png]
[warethemes.com/html/bready/plugins/lightGallery-master/dist/fonts/lgd641.svg]
[warethemes.com/html/bready/images/pages/home-2-about.jpg]
[warethemes.com/html/bready/plugins/lightGallery-master/dist/img/loading.gif]
[warethemes.com/html/bready/images/bg/testimonial-2.jpg]
[warethemes.com/html/bready/images/square/4.jpg]
[warethemes.com/html/bready/images/banner/slider-2.png]
[warethemes.com/html/bready/images/people/3.png]
[warethemes.com/html/bready/images/people/4.png]
[warethemes.com/html/bready/images/products/10.png]
[warethemes.com/html/bready/images/widget-ads.jpg]
[warethemes.com/html/bready/images/products/detail/large-2.jpg]
[warethemes.com/html/bready/images/products/detail/large-5.jpg]
[warethemes.com/html/bready/images/products/detail/variant-1.png]
[warethemes.com/html/bready/images/products/detail/variant-4.png]
[warethemes.com/html/bready/images/404.jpg]
[warethemes.com/html/bready/images/hero/about.jpg]
[warethemes.com/html/bready/images/payment/3.png]
[warethemes.com/html/bready/images/hero/blog.jpg]
[warethemes.com/html/bready/images/posts/list-1.jpg]
[warethemes.com/html/bready/images/posts/list-2.jpg]
[warethemes.com/html/bready/images/posts/list-3.jpg]
[warethemes.com/html/bready/images/posts/list-4.jpg]
[warethemes.com/html/bready/images/posts/blog-1.jpg]
[warethemes.com/html/bready/images/posts/blog-2.jpg]
[warethemes.com/html/bready/images/posts/blog-3.jpg]
[warethemes.com/html/bready/images/hero/contact.jpg]
[warethemes.com/html/bready/images/posts/blog-4.jpg]
[warethemes.com/html/bready/images/posts/blog-5.jpg]
[warethemes.com/html/bready/images/posts/blog-6.jpg]
[warethemes.com/html/bready/images/posts/blog-7.jpg]
[warethemes.com/html/bready/plugins/lightGallery-master/dist/fonts/lgd641.svg]
